[resmume.com/resume-ats-checker/index.html]
[resmume.com/_next/static/css/40b47b22d0fa463e.css]
[resmume.com/_next/static/css/c51c5d8131edb0eb.css]
[resmume.com/_next/static/chunks/webpack-6392b8d09ce6c937.js]
[resmume.com/_next/static/chunks/1dd3208c-95bf8756ffe34ca5.js]
[resmume.com/_next/static/chunks/286-85c9e59ff149cf86.js]
[resmume.com/_next/static/chunks/main-app-4d4afce8f9637be4.js]
[resmume.com/_next/static/chunks/1049-384ced1d083d0ce8.js]
[resmume.com/_next/static/chunks/4045-19d8d2947e71e0f7.js]
[resmume.com/_next/static/chunks/9599-5b8ac6e753d06d81.js]
[resmume.com/_next/static/chunks/app/resume-ats-checker/page-532ea6dec7b398a7.js]
[backblue.gif]
[fade.gif]
[index.html]
[resmume.com/_next/static/chunks/app/layout-16d3496b75ea8919.js]
[resmume.com/iconde4e.png]
[resmume.com/apple-iconb1ca.png]
[resmume.com/_next/static/chunks/polyfills-78c92fac7aa8fdd8.js]
[resmume.com/resume-ats-checker/index.html]
[resmume.com/_next/static/css/40b47b22d0fa463e.css]
[resmume.com/_next/static/css/c51c5d8131edb0eb.css]
[resmume.com/cdn-cgi/scripts/5c5dd728/cloudflare-static/email-decode.min.js]
